// Rstest Snapshot v1

exports[`await-thenable > invalid 1`] = `
{
  "diagnostics": [],
  "errorCount": 0,
  "fileCount": 7,
  "ruleCount": 1,
}
`;

exports[`await-thenable > invalid 2`] = `
{
  "diagnostics": [],
  "errorCount": 0,
  "fileCount": 7,
  "ruleCount": 1,
}
`;

exports[`await-thenable > invalid 3`] = `
{
  "diagnostics": [],
  "errorCount": 0,
  "fileCount": 7,
  "ruleCount": 1,
}
`;

exports[`await-thenable > invalid 4`] = `
{
  "diagnostics": [],
  "errorCount": 0,
  "fileCount": 7,
  "ruleCount": 1,
}
`;

exports[`await-thenable > invalid 5`] = `
{
  "diagnostics": [],
  "errorCount": 0,
  "fileCount": 7,
  "ruleCount": 1,
}
`;

exports[`await-thenable > invalid 6`] = `
{
  "diagnostics": [],
  "errorCount": 0,
  "fileCount": 7,
  "ruleCount": 1,
}
`;

exports[`await-thenable > invalid 7`] = `
{
  "diagnostics": [],
  "errorCount": 0,
  "fileCount": 7,
  "ruleCount": 1,
}
`;
