// Rstest Snapshot v1

exports[`class-literal-property-style > invalid 1`] = `
{
  "diagnostics": [],
  "errorCount": 0,
  "fileCount": 7,
  "ruleCount": 1,
}
`;

exports[`class-literal-property-style > invalid 2`] = `
{
  "diagnostics": [],
  "errorCount": 0,
  "fileCount": 7,
  "ruleCount": 1,
}
`;

exports[`class-literal-property-style > invalid 3`] = `
{
  "diagnostics": [],
  "errorCount": 0,
  "fileCount": 7,
  "ruleCount": 1,
}
`;

exports[`class-literal-property-style > invalid 4`] = `
{
  "diagnostics": [],
  "errorCount": 0,
  "fileCount": 7,
  "ruleCount": 1,
}
`;

exports[`class-literal-property-style > invalid 5`] = `
{
  "diagnostics": [],
  "errorCount": 0,
  "fileCount": 7,
  "ruleCount": 1,
}
`;

exports[`class-literal-property-style > invalid 6`] = `
{
  "diagnostics": [],
  "errorCount": 0,
  "fileCount": 7,
  "ruleCount": 1,
}
`;

exports[`class-literal-property-style > invalid 7`] = `
{
  "diagnostics": [],
  "errorCount": 0,
  "fileCount": 7,
  "ruleCount": 1,
}
`;

exports[`class-literal-property-style > invalid 8`] = `
{
  "diagnostics": [],
  "errorCount": 0,
  "fileCount": 7,
  "ruleCount": 1,
}
`;
