// Rstest Snapshot v1

exports[`dot-notation > invalid 1`] = `
{
  "diagnostics": [
    {
      "message": "Use dot notation instead of bracket notation.",
      "messageId": "useDot",
      "range": {
        "end": {
          "column": 15,
          "line": 7,
        },
        "start": {
          "column": 1,
          "line": 7,
        },
      },
      "ruleName": "@typescript-eslint/dot-notation",
    },
  ],
  "errorCount": 1,
  "fileCount": 1,
  "ruleCount": 1,
}
`;

exports[`dot-notation > invalid 2`] = `
{
  "diagnostics": [
    {
      "message": "Use dot notation instead of bracket notation.",
      "messageId": "useDot",
      "range": {
        "end": {
          "column": 14,
          "line": 7,
        },
        "start": {
          "column": 1,
          "line": 7,
        },
      },
      "ruleName": "@typescript-eslint/dot-notation",
    },
  ],
  "errorCount": 1,
  "fileCount": 1,
  "ruleCount": 1,
}
`;

exports[`dot-notation > invalid 3`] = `
{
  "diagnostics": [
    {
      "message": "Use dot notation instead of bracket notation.",
      "messageId": "useDot",
      "range": {
        "end": {
          "column": 10,
          "line": 1,
        },
        "start": {
          "column": 1,
          "line": 1,
        },
      },
      "ruleName": "@typescript-eslint/dot-notation",
    },
  ],
  "errorCount": 1,
  "fileCount": 1,
  "ruleCount": 1,
}
`;

exports[`dot-notation > invalid 4`] = `
{
  "diagnostics": [
    {
      "message": "Use dot notation instead of bracket notation.",
      "messageId": "useDot",
      "range": {
        "end": {
          "column": 10,
          "line": 1,
        },
        "start": {
          "column": 1,
          "line": 1,
        },
      },
      "ruleName": "@typescript-eslint/dot-notation",
    },
  ],
  "errorCount": 1,
  "fileCount": 1,
  "ruleCount": 1,
}
`;

exports[`dot-notation > invalid 5`] = `
{
  "diagnostics": [
    {
      "message": "Use dot notation instead of bracket notation.",
      "messageId": "useDot",
      "range": {
        "end": {
          "column": 8,
          "line": 1,
        },
        "start": {
          "column": 1,
          "line": 1,
        },
      },
      "ruleName": "@typescript-eslint/dot-notation",
    },
  ],
  "errorCount": 1,
  "fileCount": 1,
  "ruleCount": 1,
}
`;

exports[`dot-notation > invalid 6`] = `
{
  "diagnostics": [
    {
      "message": "Use dot notation instead of bracket notation.",
      "messageId": "useDot",
      "range": {
        "end": {
          "column": 8,
          "line": 1,
        },
        "start": {
          "column": 1,
          "line": 1,
        },
      },
      "ruleName": "@typescript-eslint/dot-notation",
    },
  ],
  "errorCount": 1,
  "fileCount": 1,
  "ruleCount": 1,
}
`;

exports[`dot-notation > invalid 7`] = `
{
  "diagnostics": [
    {
      "message": "Use dot notation instead of bracket notation.",
      "messageId": "useDot",
      "range": {
        "end": {
          "column": 9,
          "line": 1,
        },
        "start": {
          "column": 1,
          "line": 1,
        },
      },
      "ruleName": "@typescript-eslint/dot-notation",
    },
  ],
  "errorCount": 1,
  "fileCount": 1,
  "ruleCount": 1,
}
`;

exports[`dot-notation > invalid 8`] = `
{
  "diagnostics": [
    {
      "message": "Use dot notation instead of bracket notation.",
      "messageId": "useDot",
      "range": {
        "end": {
          "column": 7,
          "line": 1,
        },
        "start": {
          "column": 1,
          "line": 1,
        },
      },
      "ruleName": "@typescript-eslint/dot-notation",
    },
  ],
  "errorCount": 1,
  "fileCount": 1,
  "ruleCount": 1,
}
`;

exports[`dot-notation > invalid 9`] = `
{
  "diagnostics": [
    {
      "message": "Use dot notation instead of bracket notation.",
      "messageId": "useDot",
      "range": {
        "end": {
          "column": 9,
          "line": 1,
        },
        "start": {
          "column": 1,
          "line": 1,
        },
      },
      "ruleName": "@typescript-eslint/dot-notation",
    },
  ],
  "errorCount": 1,
  "fileCount": 1,
  "ruleCount": 1,
}
`;

exports[`dot-notation > invalid 10`] = `
{
  "diagnostics": [
    {
      "message": "Use dot notation instead of bracket notation.",
      "messageId": "useDot",
      "range": {
        "end": {
          "column": 13,
          "line": 1,
        },
        "start": {
          "column": 1,
          "line": 1,
        },
      },
      "ruleName": "@typescript-eslint/dot-notation",
    },
  ],
  "errorCount": 1,
  "fileCount": 1,
  "ruleCount": 1,
}
`;

exports[`dot-notation > invalid 11`] = `
{
  "diagnostics": [
    {
      "message": "Use dot notation instead of bracket notation.",
      "messageId": "useDot",
      "range": {
        "end": {
          "column": 16,
          "line": 1,
        },
        "start": {
          "column": 1,
          "line": 1,
        },
      },
      "ruleName": "@typescript-eslint/dot-notation",
    },
  ],
  "errorCount": 1,
  "fileCount": 1,
  "ruleCount": 1,
}
`;

exports[`dot-notation > invalid 12`] = `
{
  "diagnostics": [
    {
      "message": "Use dot notation instead of bracket notation.",
      "messageId": "useDot",
      "range": {
        "end": {
          "column": 17,
          "line": 3,
        },
        "start": {
          "column": 1,
          "line": 2,
        },
      },
      "ruleName": "@typescript-eslint/dot-notation",
    },
  ],
  "errorCount": 1,
  "fileCount": 1,
  "ruleCount": 1,
}
`;
