// Rstest Snapshot v1

exports[`no-duplicate-type-constituents > invalid 1`] = `
{
  "diagnostics": [],
  "errorCount": 0,
  "fileCount": 7,
  "ruleCount": 1,
}
`;

exports[`no-duplicate-type-constituents > invalid 2`] = `
{
  "diagnostics": [],
  "errorCount": 0,
  "fileCount": 7,
  "ruleCount": 1,
}
`;

exports[`no-duplicate-type-constituents > invalid 3`] = `
{
  "diagnostics": [],
  "errorCount": 0,
  "fileCount": 7,
  "ruleCount": 1,
}
`;

exports[`no-duplicate-type-constituents > invalid 4`] = `
{
  "diagnostics": [],
  "errorCount": 0,
  "fileCount": 7,
  "ruleCount": 1,
}
`;

exports[`no-duplicate-type-constituents > invalid 5`] = `
{
  "diagnostics": [],
  "errorCount": 0,
  "fileCount": 7,
  "ruleCount": 1,
}
`;

exports[`no-duplicate-type-constituents > invalid 6`] = `
{
  "diagnostics": [],
  "errorCount": 0,
  "fileCount": 7,
  "ruleCount": 1,
}
`;

exports[`no-duplicate-type-constituents > invalid 7`] = `
{
  "diagnostics": [],
  "errorCount": 0,
  "fileCount": 7,
  "ruleCount": 1,
}
`;

exports[`no-duplicate-type-constituents > invalid 8`] = `
{
  "diagnostics": [],
  "errorCount": 0,
  "fileCount": 7,
  "ruleCount": 1,
}
`;

exports[`no-duplicate-type-constituents > invalid 9`] = `
{
  "diagnostics": [],
  "errorCount": 0,
  "fileCount": 7,
  "ruleCount": 1,
}
`;
