// Rstest Snapshot v1

exports[`no-empty-function > invalid 1`] = `
{
  "diagnostics": [
    {
      "filePath": "deprecated.ts",
      "message": "Unexpected empty function 'deprecatedFunction'.",
      "messageId": "unexpected",
      "range": {
        "end": {
          "column": 46,
          "line": 9,
        },
        "start": {
          "column": 44,
          "line": 9,
        },
      },
      "ruleName": "@typescript-eslint/no-empty-function",
    },
    {
      "filePath": "deprecated.ts",
      "message": "Unexpected empty function 'normalFunction'.",
      "messageId": "unexpected",
      "range": {
        "end": {
          "column": 47,
          "line": 14,
        },
        "start": {
          "column": 45,
          "line": 14,
        },
      },
      "ruleName": "@typescript-eslint/no-empty-function",
    },
    {
      "filePath": "deprecated.ts",
      "message": "Unexpected empty function 'deprecatedFunctionWithOverloads'.",
      "messageId": "unexpected",
      "range": {
        "end": {
          "column": 64,
          "line": 18,
        },
        "start": {
          "column": 62,
          "line": 18,
        },
      },
      "ruleName": "@typescript-eslint/no-empty-function",
    },
    {
      "filePath": "deprecated.ts",
      "message": "Unexpected empty constructor.",
      "messageId": "unexpected",
      "range": {
        "end": {
          "column": 31,
          "line": 23,
        },
        "start": {
          "column": 29,
          "line": 23,
        },
      },
      "ruleName": "@typescript-eslint/no-empty-function",
    },
  ],
  "errorCount": 4,
  "fileCount": 7,
  "ruleCount": 1,
}
`;

exports[`no-empty-function > invalid 2`] = `
{
  "diagnostics": [
    {
      "filePath": "deprecated.ts",
      "message": "Unexpected empty function 'deprecatedFunction'.",
      "messageId": "unexpected",
      "range": {
        "end": {
          "column": 46,
          "line": 9,
        },
        "start": {
          "column": 44,
          "line": 9,
        },
      },
      "ruleName": "@typescript-eslint/no-empty-function",
    },
    {
      "filePath": "deprecated.ts",
      "message": "Unexpected empty function 'normalFunction'.",
      "messageId": "unexpected",
      "range": {
        "end": {
          "column": 47,
          "line": 14,
        },
        "start": {
          "column": 45,
          "line": 14,
        },
      },
      "ruleName": "@typescript-eslint/no-empty-function",
    },
    {
      "filePath": "deprecated.ts",
      "message": "Unexpected empty function 'deprecatedFunctionWithOverloads'.",
      "messageId": "unexpected",
      "range": {
        "end": {
          "column": 64,
          "line": 18,
        },
        "start": {
          "column": 62,
          "line": 18,
        },
      },
      "ruleName": "@typescript-eslint/no-empty-function",
    },
    {
      "filePath": "deprecated.ts",
      "message": "Unexpected empty constructor.",
      "messageId": "unexpected",
      "range": {
        "end": {
          "column": 31,
          "line": 23,
        },
        "start": {
          "column": 29,
          "line": 23,
        },
      },
      "ruleName": "@typescript-eslint/no-empty-function",
    },
  ],
  "errorCount": 4,
  "fileCount": 7,
  "ruleCount": 1,
}
`;

exports[`no-empty-function > invalid 3`] = `
{
  "diagnostics": [
    {
      "filePath": "deprecated.ts",
      "message": "Unexpected empty function 'deprecatedFunction'.",
      "messageId": "unexpected",
      "range": {
        "end": {
          "column": 46,
          "line": 9,
        },
        "start": {
          "column": 44,
          "line": 9,
        },
      },
      "ruleName": "@typescript-eslint/no-empty-function",
    },
    {
      "filePath": "deprecated.ts",
      "message": "Unexpected empty function 'normalFunction'.",
      "messageId": "unexpected",
      "range": {
        "end": {
          "column": 47,
          "line": 14,
        },
        "start": {
          "column": 45,
          "line": 14,
        },
      },
      "ruleName": "@typescript-eslint/no-empty-function",
    },
    {
      "filePath": "deprecated.ts",
      "message": "Unexpected empty function 'deprecatedFunctionWithOverloads'.",
      "messageId": "unexpected",
      "range": {
        "end": {
          "column": 64,
          "line": 18,
        },
        "start": {
          "column": 62,
          "line": 18,
        },
      },
      "ruleName": "@typescript-eslint/no-empty-function",
    },
    {
      "filePath": "deprecated.ts",
      "message": "Unexpected empty constructor.",
      "messageId": "unexpected",
      "range": {
        "end": {
          "column": 31,
          "line": 23,
        },
        "start": {
          "column": 29,
          "line": 23,
        },
      },
      "ruleName": "@typescript-eslint/no-empty-function",
    },
  ],
  "errorCount": 4,
  "fileCount": 7,
  "ruleCount": 1,
}
`;

exports[`no-empty-function > invalid 4`] = `
{
  "diagnostics": [
    {
      "filePath": "deprecated.ts",
      "message": "Unexpected empty function 'deprecatedFunction'.",
      "messageId": "unexpected",
      "range": {
        "end": {
          "column": 46,
          "line": 9,
        },
        "start": {
          "column": 44,
          "line": 9,
        },
      },
      "ruleName": "@typescript-eslint/no-empty-function",
    },
    {
      "filePath": "deprecated.ts",
      "message": "Unexpected empty function 'normalFunction'.",
      "messageId": "unexpected",
      "range": {
        "end": {
          "column": 47,
          "line": 14,
        },
        "start": {
          "column": 45,
          "line": 14,
        },
      },
      "ruleName": "@typescript-eslint/no-empty-function",
    },
    {
      "filePath": "deprecated.ts",
      "message": "Unexpected empty function 'deprecatedFunctionWithOverloads'.",
      "messageId": "unexpected",
      "range": {
        "end": {
          "column": 64,
          "line": 18,
        },
        "start": {
          "column": 62,
          "line": 18,
        },
      },
      "ruleName": "@typescript-eslint/no-empty-function",
    },
    {
      "filePath": "deprecated.ts",
      "message": "Unexpected empty constructor.",
      "messageId": "unexpected",
      "range": {
        "end": {
          "column": 31,
          "line": 23,
        },
        "start": {
          "column": 29,
          "line": 23,
        },
      },
      "ruleName": "@typescript-eslint/no-empty-function",
    },
  ],
  "errorCount": 4,
  "fileCount": 7,
  "ruleCount": 1,
}
`;

exports[`no-empty-function > invalid 5`] = `
{
  "diagnostics": [
    {
      "filePath": "deprecated.ts",
      "message": "Unexpected empty function 'deprecatedFunction'.",
      "messageId": "unexpected",
      "range": {
        "end": {
          "column": 46,
          "line": 9,
        },
        "start": {
          "column": 44,
          "line": 9,
        },
      },
      "ruleName": "@typescript-eslint/no-empty-function",
    },
    {
      "filePath": "deprecated.ts",
      "message": "Unexpected empty function 'normalFunction'.",
      "messageId": "unexpected",
      "range": {
        "end": {
          "column": 47,
          "line": 14,
        },
        "start": {
          "column": 45,
          "line": 14,
        },
      },
      "ruleName": "@typescript-eslint/no-empty-function",
    },
    {
      "filePath": "deprecated.ts",
      "message": "Unexpected empty function 'deprecatedFunctionWithOverloads'.",
      "messageId": "unexpected",
      "range": {
        "end": {
          "column": 64,
          "line": 18,
        },
        "start": {
          "column": 62,
          "line": 18,
        },
      },
      "ruleName": "@typescript-eslint/no-empty-function",
    },
    {
      "filePath": "deprecated.ts",
      "message": "Unexpected empty constructor.",
      "messageId": "unexpected",
      "range": {
        "end": {
          "column": 31,
          "line": 23,
        },
        "start": {
          "column": 29,
          "line": 23,
        },
      },
      "ruleName": "@typescript-eslint/no-empty-function",
    },
  ],
  "errorCount": 4,
  "fileCount": 7,
  "ruleCount": 1,
}
`;

exports[`no-empty-function > invalid 6`] = `
{
  "diagnostics": [
    {
      "filePath": "deprecated.ts",
      "message": "Unexpected empty function 'deprecatedFunction'.",
      "messageId": "unexpected",
      "range": {
        "end": {
          "column": 46,
          "line": 9,
        },
        "start": {
          "column": 44,
          "line": 9,
        },
      },
      "ruleName": "@typescript-eslint/no-empty-function",
    },
    {
      "filePath": "deprecated.ts",
      "message": "Unexpected empty function 'normalFunction'.",
      "messageId": "unexpected",
      "range": {
        "end": {
          "column": 47,
          "line": 14,
        },
        "start": {
          "column": 45,
          "line": 14,
        },
      },
      "ruleName": "@typescript-eslint/no-empty-function",
    },
    {
      "filePath": "deprecated.ts",
      "message": "Unexpected empty function 'deprecatedFunctionWithOverloads'.",
      "messageId": "unexpected",
      "range": {
        "end": {
          "column": 64,
          "line": 18,
        },
        "start": {
          "column": 62,
          "line": 18,
        },
      },
      "ruleName": "@typescript-eslint/no-empty-function",
    },
    {
      "filePath": "deprecated.ts",
      "message": "Unexpected empty constructor.",
      "messageId": "unexpected",
      "range": {
        "end": {
          "column": 31,
          "line": 23,
        },
        "start": {
          "column": 29,
          "line": 23,
        },
      },
      "ruleName": "@typescript-eslint/no-empty-function",
    },
  ],
  "errorCount": 4,
  "fileCount": 7,
  "ruleCount": 1,
}
`;

exports[`no-empty-function > invalid 7`] = `
{
  "diagnostics": [
    {
      "filePath": "deprecated.ts",
      "message": "Unexpected empty function 'deprecatedFunction'.",
      "messageId": "unexpected",
      "range": {
        "end": {
          "column": 46,
          "line": 9,
        },
        "start": {
          "column": 44,
          "line": 9,
        },
      },
      "ruleName": "@typescript-eslint/no-empty-function",
    },
    {
      "filePath": "deprecated.ts",
      "message": "Unexpected empty function 'normalFunction'.",
      "messageId": "unexpected",
      "range": {
        "end": {
          "column": 47,
          "line": 14,
        },
        "start": {
          "column": 45,
          "line": 14,
        },
      },
      "ruleName": "@typescript-eslint/no-empty-function",
    },
    {
      "filePath": "deprecated.ts",
      "message": "Unexpected empty function 'deprecatedFunctionWithOverloads'.",
      "messageId": "unexpected",
      "range": {
        "end": {
          "column": 64,
          "line": 18,
        },
        "start": {
          "column": 62,
          "line": 18,
        },
      },
      "ruleName": "@typescript-eslint/no-empty-function",
    },
    {
      "filePath": "deprecated.ts",
      "message": "Unexpected empty constructor.",
      "messageId": "unexpected",
      "range": {
        "end": {
          "column": 31,
          "line": 23,
        },
        "start": {
          "column": 29,
          "line": 23,
        },
      },
      "ruleName": "@typescript-eslint/no-empty-function",
    },
  ],
  "errorCount": 4,
  "fileCount": 7,
  "ruleCount": 1,
}
`;
