// Rstest Snapshot v1

exports[`no-implied-eval > invalid 1`] = `
{
  "diagnostics": [],
  "errorCount": 0,
  "fileCount": 7,
  "ruleCount": 1,
}
`;

exports[`no-implied-eval > invalid 2`] = `
{
  "diagnostics": [],
  "errorCount": 0,
  "fileCount": 7,
  "ruleCount": 1,
}
`;

exports[`no-implied-eval > invalid 3`] = `
{
  "diagnostics": [],
  "errorCount": 0,
  "fileCount": 7,
  "ruleCount": 1,
}
`;

exports[`no-implied-eval > invalid 4`] = `
{
  "diagnostics": [],
  "errorCount": 0,
  "fileCount": 7,
  "ruleCount": 1,
}
`;

exports[`no-implied-eval > invalid 5`] = `
{
  "diagnostics": [],
  "errorCount": 0,
  "fileCount": 7,
  "ruleCount": 1,
}
`;

exports[`no-implied-eval > invalid 6`] = `
{
  "diagnostics": [],
  "errorCount": 0,
  "fileCount": 7,
  "ruleCount": 1,
}
`;

exports[`no-implied-eval > invalid 7`] = `
{
  "diagnostics": [],
  "errorCount": 0,
  "fileCount": 7,
  "ruleCount": 1,
}
`;

exports[`no-implied-eval > invalid 8`] = `
{
  "diagnostics": [],
  "errorCount": 0,
  "fileCount": 7,
  "ruleCount": 1,
}
`;
