// Rstest Snapshot v1

exports[`no-require-imports > invalid 1`] = `
{
  "diagnostics": [],
  "errorCount": 0,
  "fileCount": 7,
  "ruleCount": 1,
}
`;

exports[`no-require-imports > invalid 2`] = `
{
  "diagnostics": [],
  "errorCount": 0,
  "fileCount": 7,
  "ruleCount": 1,
}
`;

exports[`no-require-imports > invalid 3`] = `
{
  "diagnostics": [],
  "errorCount": 0,
  "fileCount": 7,
  "ruleCount": 1,
}
`;

exports[`no-require-imports > invalid 4`] = `
{
  "diagnostics": [],
  "errorCount": 0,
  "fileCount": 7,
  "ruleCount": 1,
}
`;

exports[`no-require-imports > invalid 5`] = `
{
  "diagnostics": [],
  "errorCount": 0,
  "fileCount": 7,
  "ruleCount": 1,
}
`;

exports[`no-require-imports > invalid 6`] = `
{
  "diagnostics": [],
  "errorCount": 0,
  "fileCount": 7,
  "ruleCount": 1,
}
`;

exports[`no-require-imports > invalid 7`] = `
{
  "diagnostics": [],
  "errorCount": 0,
  "fileCount": 7,
  "ruleCount": 1,
}
`;

exports[`no-require-imports > invalid 8`] = `
{
  "diagnostics": [],
  "errorCount": 0,
  "fileCount": 7,
  "ruleCount": 1,
}
`;

exports[`no-require-imports > invalid 9`] = `
{
  "diagnostics": [],
  "errorCount": 0,
  "fileCount": 7,
  "ruleCount": 1,
}
`;

exports[`no-require-imports > invalid 10`] = `
{
  "diagnostics": [],
  "errorCount": 0,
  "fileCount": 7,
  "ruleCount": 1,
}
`;

exports[`no-require-imports > invalid 11`] = `
{
  "diagnostics": [],
  "errorCount": 0,
  "fileCount": 7,
  "ruleCount": 1,
}
`;

exports[`no-require-imports > invalid 12`] = `
{
  "diagnostics": [],
  "errorCount": 0,
  "fileCount": 7,
  "ruleCount": 1,
}
`;

exports[`no-require-imports > invalid 13`] = `
{
  "diagnostics": [],
  "errorCount": 0,
  "fileCount": 7,
  "ruleCount": 1,
}
`;

exports[`no-require-imports > invalid 14`] = `
{
  "diagnostics": [],
  "errorCount": 0,
  "fileCount": 7,
  "ruleCount": 1,
}
`;

exports[`no-require-imports > invalid 15`] = `
{
  "diagnostics": [],
  "errorCount": 0,
  "fileCount": 7,
  "ruleCount": 1,
}
`;

exports[`no-require-imports > invalid 16`] = `
{
  "diagnostics": [],
  "errorCount": 0,
  "fileCount": 7,
  "ruleCount": 1,
}
`;

exports[`no-require-imports > invalid 17`] = `
{
  "diagnostics": [],
  "errorCount": 0,
  "fileCount": 7,
  "ruleCount": 1,
}
`;

exports[`no-require-imports > invalid 18`] = `
{
  "diagnostics": [],
  "errorCount": 0,
  "fileCount": 7,
  "ruleCount": 1,
}
`;

exports[`no-require-imports > invalid 19`] = `
{
  "diagnostics": [],
  "errorCount": 0,
  "fileCount": 7,
  "ruleCount": 1,
}
`;

exports[`no-require-imports > invalid 20`] = `
{
  "diagnostics": [],
  "errorCount": 0,
  "fileCount": 7,
  "ruleCount": 1,
}
`;

exports[`no-require-imports > invalid 21`] = `
{
  "diagnostics": [],
  "errorCount": 0,
  "fileCount": 7,
  "ruleCount": 1,
}
`;

exports[`no-require-imports > invalid 22`] = `
{
  "diagnostics": [],
  "errorCount": 0,
  "fileCount": 7,
  "ruleCount": 1,
}
`;
